// Jest Snapshot v1, https://goo.gl/fbAQLP

exports[`should render NotFoundPage correctly 1`] = `
<div>
  404! Page does not exist! - 
  <Link
    replace={false}
    to="/"
  >
    Back to homepage
  </Link>
</div>
`;
